18:41:17 [INFO] osint_agent: Starting Agentic Loop....
18:41:17 [INFO] osint_agent: Objective: Identify the key capabilities of the BMW M4.
18:41:17 [INFO] osint_agent: Log file: logs\osint_20260506_184116.log
18:41:17 [INFO] google_genai.models: AFC is enabled with max remote calls: 10.
18:41:21 [INFO] httpx: HTTP Request: POST https://api.tavily.com/search "HTTP/1.1 200 OK"
18:41:30 [INFO] osint_agent: Scraping: https://www.bmwofcolumbia.com/bmw-m4-coupe-key-features/
18:42:50 [WARNING] osint_agent: Failed to scrape https://www.bmwofcolumbia.com/bmw-m4-coupe-key-features/: Page.goto: Timeout 80000ms exceeded.
Call log:
  - navigating to "https://www.bmwofcolumbia.com/bmw-m4-coupe-key-features/", waiting until "networkidle"

18:42:51 [INFO] osint_agent: Scraping: https://f80.bimmerpost.com/forums/showthread.php?t=1307169
18:42:55 [INFO] osint_agent: Scraping: https://www.youtube.com/watch?v=-2a5M7SbWtA
18:43:00 [INFO] httpx: HTTP Request: POST https://api.tavily.com/search "HTTP/1.1 200 OK"
18:43:01 [INFO] osint_agent: Scraping: https://www.cardekho.com/bmw/m4-competition/specs
18:43:03 [INFO] osint_agent: Scraping: https://www.edmunds.com/bmw/m4/2026/features-specs/
18:43:04 [INFO] osint_agent: Scraping: https://www.caranddriver.com/bmw/m4
18:43:09 [INFO] httpx: HTTP Request: POST https://api.tavily.com/search "HTTP/1.1 200 OK"
18:43:09 [INFO] osint_agent: Scraping: https://www.facebook.com/100090850945079/posts/the-bmw-m4-delivers-a-driving-experience-centered-on-strong-power-and-sharp-reac/814806771557680/
18:43:14 [INFO] osint_agent: Scraping: https://www.youtube.com/watch?v=KkedVthqpko
18:43:19 [INFO] osint_agent: Scraping: https://www.autopronashville.com/blog/bmw-m4-what-to-know-before-you-buy/
18:43:25 [INFO] osint_agent: Scraping: https://f80.bimmerpost.com/forums/showthread.php?t=1307169
18:43:25 [INFO] osint_agent: Scraping: https://www.edmunds.com/bmw/m4/2026/features-specs/
18:43:25 [INFO] osint_agent: Scraping: https://www.cardekho.com/bmw/m4-competition/specs
18:43:25 [INFO] osint_agent: Scraping: https://www.caranddriver.com/bmw/m4
18:43:25 [INFO] osint_agent: Scraping: https://www.bmwofcolumbia.com/bmw-m4-coupe-key-features/
18:43:25 [INFO] osint_agent: Scraping: https://www.youtube.com/watch?v=-2a5M7SbWtA
18:43:28 [INFO] osint_agent: Scraping: https://www.facebook.com/100090850945079/posts/the-bmw-m4-delivers-a-driving-experience-centered-on-strong-power-and-sharp-reac/814806771557680/
18:43:29 [INFO] osint_agent: Scraping: https://www.youtube.com/watch?v=KkedVthqpko
18:43:31 [INFO] osint_agent: Scraping: https://www.autopronashville.com/blog/bmw-m4-what-to-know-before-you-buy/
18:43:54 [WARNING] osint_agent: Timeout scraping https://www.bmwofcolumbia.com/bmw-m4-coupe-key-features/ after 30s
18:43:54 [WARNING] osint_agent: MAX_SCRAPED_CHARS reached. Stopping scrape.
18:43:54 [INFO] google_genai.models: AFC is enabled with max remote calls: 10.
18:44:15 [INFO] google_genai.models: AFC is enabled with max remote calls: 10.
18:44:29 [INFO] google_genai._api_client: Retrying google.genai._api_client.BaseApiClient._async_request_once in 1.38371451812912 seconds as it raised ServerError: 503 UNAVAILABLE. {'error': {'code': 503, 'message': 'This model is currently experiencing high demand. Spikes in demand are usually temporary. Please try again later.', 'status': 'UNAVAILABLE'}}.
